natural|water|274
natural|wetland|13
waterway|dock|2
waterway|riverbank|5
waterway|stream|1
